// Jest Snapshot v1, https://goo.gl/fbAQLP

exports[`ListItem.tsx renders the component successfully 1`] = `
<article>
  <header>
    <h1>
      TITLE MOCK2
    </h1>
  </header>
  <div>
    <p>
      DESCRIPTION MOCK
    </p>
  </div>
</article>
`;
